package a

import (
	"context"
	"os/exec"
)

func f() {
	failing := // want "avoid os/exec.CommandContext"

		// Comment ignored

		//lintignore:XR008
		exec.CommandContext(context.Background(), "true")

	exec.CommandContext(context.Background(), "true") //lintignore:XR008

	// Failing

	// want "avoid os/exec.CommandContext"

	failing(context.Background(), "true")
}
